// Jest Snapshot v1, https://goo.gl/fbAQLP

exports[`Button snapshot 1`] = `
<div>
  <div
    class="btn cheese"
  >
    <button />
    <p
      class="light"
      data-testid="time"
    >
      This is the time
    </p>
    <p />
    <div
      class="manage-links"
    >
      <a
        href="#"
      >
        Undo last
      </a>
      |
      <a
        href="#"
      >
        Add time
      </a>
    </div>
  </div>
</div>
`;
